###############################################################################
#
# IAR ELF Linker V9.20.4.327/W64 for ARM                  02/Jan/2024  21:39:04
# Copyright 2007-2022 IAR Systems AB.
#
#    Output file  =  D:\ASU\Embedded\Project\Debug\Exe\main.out
#    Map file     =  D:\ASU\Embedded\Project\Debug\List\main.map
#    Command line =
#        -f D:\ASU\Embedded\Project\Debug\Exe\main.out.rsp
#        (D:\ASU\Embedded\Project\Debug\Obj\Bluetooth.o
#        D:\ASU\Embedded\Project\Debug\Obj\DIO.o
#        D:\ASU\Embedded\Project\Debug\Obj\GPTM.o
#        D:\ASU\Embedded\Project\Debug\Obj\main.o
#        D:\ASU\Embedded\Project\Debug\Obj\Smoke.o
#        D:\ASU\Embedded\Project\Debug\Obj\startup_ewarm.o
#        D:\ASU\Embedded\Project\Debug\Obj\Ultrasonic.o --no_out_extension -o
#        D:\ASU\Embedded\Project\Debug\Exe\main.out --redirect
#        _Printf=_PrintfFullNoMb --redirect _Scanf=_ScanfFullNoMb --map
#        D:\ASU\Embedded\Project\Debug\List\main.map --config "C:\Program
#        Files\IAR Systems\Embedded Workbench
#        9.0\arm\config\linker\TexasInstruments\TM4C123GH6.icf" --semihosting
#        --entry __iar_program_start --vfe --text_out locale)
#
###############################################################################

*******************************************************************************
*** RUNTIME MODEL ATTRIBUTES
***

CppFlavor       = *
__CPP_Runtime   = 1
__SystemLibrary = DLib
__dlib_version  = 6


*******************************************************************************
*** HEAP SELECTION
***

The basic heap was selected because no calls to memory allocation
functions were found in the application outside of system library
functions, and there are calls to deallocation functions in the
application.


*******************************************************************************
*** PLACEMENT SUMMARY
***

"A0":  place at address 0x0 { ro section .intvec };
"P1":  place in [from 0x0 to 0x3'ffff] { ro };
define block CSTACK with size = 4K, alignment = 8 { };
define block HEAP with size = 8K, alignment = 8 { };
"P2":  place in [from 0x2000'0000 to 0x2000'7fff] {
          rw, block CSTACK, block HEAP };
do not initialize { rw section .noinit };

  Section          Kind         Address    Size  Object
  -------          ----         -------    ----  ------
"A0":                                     0x26c
  .intvec          const            0x0   0x26c  startup_ewarm.o [1]
                                - 0x26c   0x26c

"P1":                                    0x2564
  .text            ro code        0x26c   0xf12  xprintffull_nomb.o [2]
  .text            ro code       0x117e     0xa  xsprout.o [2]
  .text            ro code       0x1188    0x16  strchr.o [4]
  .text            ro code       0x11a0    0x40  xfail_s.o [2]
  .text            ro code       0x11e0    0x36  strlen.o [4]
  .text            ro code       0x1218    0x58  memchr.o [4]
  .text            ro code       0x1270    0x76  ABImemcpy_unaligned.o [4]
  .text            ro code       0x12e8    0x70  frexp.o [3]
  .text            ro code       0x1358    0x34  DblCmpLe.o [3]
  .text            ro code       0x138c    0x34  DblCmpGe.o [3]
  .text            ro code       0x13c0   0x13a  ldexp.o [3]
  .text            ro code       0x14fc    0x36  DblToS32.o [3]
  .text            ro code       0x1534    0x22  S32ToDbl.o [3]
  .text            ro code       0x1558   0x24e  DblAddSub.o [3]
  .text            ro code       0x17a8   0x246  DblDiv.o [3]
  .text            ro code       0x19f0    0x22  DblToU32.o [3]
  .text            ro code       0x1a14    0x1c  U32ToDbl.o [3]
  .text            ro code       0x1a30   0x1aa  DblMul.o [3]
  .text            ro code       0x1bdc   0x230  I64DivMod.o [4]
  .text            ro code       0x1e0c     0x6  abort.o [2]
  .text            ro code       0x1e14     0x2  I64DivZer.o [4]
  .text            ro code       0x1e18    0x14  exit.o [5]
  .text            ro code       0x1e2c   0x260  main.o [1]
  .text            ro code       0x208c   0x14c  DIO.o [1]
  .text            ro code       0x21d8   0x1ca  Ultrasonic.o [1]
  .text            ro code       0x23a4    0x94  Smoke.o [1]
  .text            ro code       0x2438   0x13c  GPTM.o [1]
  .text            ro code       0x2574    0xae  Bluetooth.o [1]
  .text            ro code       0x2624    0x40  sprintf.o [2]
  .text            ro code       0x2664    0x38  zero_init3.o [4]
  .text            ro code       0x269c    0x28  data_init.o [4]
  .text            ro code       0x26c4    0x22  fpinit_M.o [3]
  .iar.init_table  const         0x26e8    0x10  - Linker created -
  .text            ro code       0x26f8    0x1e  startup_ewarm.o [1]
  .text            ro code       0x2718    0x1c  cstartup_M.o [4]
  .text            ro code       0x2734    0x1e  cmain.o [4]
  .text            ro code       0x2752     0x4  low_level_init.o [2]
  .text            ro code       0x2756     0x4  exit.o [2]
  .text            ro code       0x275c     0xa  cexit.o [4]
  .rodata          const         0x2768    0x14  main.o [1]
  .rodata          const         0x277c    0x14  main.o [1]
  .rodata          const         0x2790    0x14  main.o [1]
  .rodata          const         0x27a4    0x10  main.o [1]
  .rodata          const         0x27b4    0x10  main.o [1]
  .rodata          const         0x27c4     0xc  main.o [1]
  .rodata          const         0x27d0     0x0  zero_init3.o [4]
                               - 0x27d0  0x2564

"P2", part 1 of 2:                          0x8
  .bss             zero     0x2000'0000     0x4  main.o [1]
  .bss             zero     0x2000'0004     0x4  xfail_s.o [2]
                          - 0x2000'0008     0x8

"P2", part 2 of 2:                        0x400
  .noinit          uninit   0x2000'0008   0x400  startup_ewarm.o [1]
                          - 0x2000'0408   0x400

Unused ranges:

         From           To      Size
         ----           --      ----
       0x27d0     0x3'ffff  0x3'd830
  0x2000'0408  0x2000'7fff    0x7bf8


*******************************************************************************
*** INIT TABLE
***

          Address      Size
          -------      ----
Zero (__iar_zero_init3)
    1 destination range, total size 0x8:
          0x2000'0000   0x8



*******************************************************************************
*** MODULE SUMMARY
***

    Module                 ro code  ro data  rw data
    ------                 -------  -------  -------
command line/config:
    ------------------------------------------------
    Total:

D:\ASU\Embedded\Project\Debug\Obj: [1]
    Bluetooth.o                174
    DIO.o                      332
    GPTM.o                     316
    Smoke.o                    148
    Ultrasonic.o               458
    main.o                     608      104        4
    startup_ewarm.o             30      620    1'024
    ------------------------------------------------
    Total:                   2'066      724    1'028

dl7M_tln.a: [2]
    abort.o                      6
    exit.o                       4
    low_level_init.o             4
    sprintf.o                   64
    xfail_s.o                   64                 4
    xprintffull_nomb.o       3'858
    xsprout.o                   10
    ------------------------------------------------
    Total:                   4'010                 4

m7M_tls.a: [3]
    DblAddSub.o                590
    DblCmpGe.o                  52
    DblCmpLe.o                  52
    DblDiv.o                   582
    DblMul.o                   426
    DblToS32.o                  54
    DblToU32.o                  34
    S32ToDbl.o                  34
    U32ToDbl.o                  28
    fpinit_M.o                  34
    frexp.o                    112
    ldexp.o                    314
    ------------------------------------------------
    Total:                   2'312

rt7M_tl.a: [4]
    ABImemcpy_unaligned.o      118
    I64DivMod.o                560
    I64DivZer.o                  2
    cexit.o                     10
    cmain.o                     30
    cstartup_M.o                28
    data_init.o                 40
    memchr.o                    88
    strchr.o                    22
    strlen.o                    54
    zero_init3.o                56
    ------------------------------------------------
    Total:                   1'008

shb_l.a: [5]
    exit.o                      20
    ------------------------------------------------
    Total:                      20

    Gaps                        32        4
    Linker created                       16
----------------------------------------------------
    Grand Total:             9'448      744    1'032


*******************************************************************************
*** ENTRY LIST
***

Entry                       Address   Size  Type      Object
-----                       -------   ----  ----      ------
.iar.init_table$$Base        0x26e8          --   Gb  - Linker created -
.iar.init_table$$Limit       0x26f8          --   Gb  - Linker created -
?main                        0x2735         Code  Gb  cmain.o [4]
ADC_Intit                    0x23a5   0x3c  Code  Gb  Smoke.o [1]
Bluetooth_Write              0x25c9   0x10  Code  Gb  Bluetooth.o [1]
Bluetooth_Write_String       0x260d   0x16  Code  Gb  Bluetooth.o [1]
DIOD_init                    0x2137   0x4c  Code  Gb  DIO.o [1]
DIO_A_Interrupt_Setup        0x208d   0x78  Code  Gb  DIO.o [1]
DIO_init                     0x2105   0x32  Code  Gb  DIO.o [1]
FaultISR                     0x2713    0x2  Code  Lc  startup_ewarm.o [1]
GPIO_PortA_handler           0x201b   0x32  Code  Gb  main.o [1]
HC05_init                    0x2575   0x54  Code  Gb  Bluetooth.o [1]
IntDefaultHandler            0x2715    0x2  Code  Lc  startup_ewarm.o [1]
Measure_distance             0x21d9   0x56  Code  Gb  Ultrasonic.o [1]
NmiSR                        0x2711    0x2  Code  Lc  startup_ewarm.o [1]
Region$$Table$$Base          0x26e8          --   Gb  - Linker created -
Region$$Table$$Limit         0x26f8          --   Gb  - Linker created -
ResetISR                     0x26f9   0x12  Code  Gb  startup_ewarm.o [1]
Sample_Sequencer             0x23e1   0x2e  Code  Gb  Smoke.o [1]
Timer0_Init                  0x2439   0x32  Code  Gb  GPTM.o [1]
Timer1_Init                  0x246b   0x2e  Code  Gb  GPTM.o [1]
Timer1_delay                 0x2499   0x36  Code  Gb  GPTM.o [1]
Timer2_Init                  0x24cf   0x2a  Code  Gb  GPTM.o [1]
Timer2_delay                 0x24f9   0x32  Code  Gb  GPTM.o [1]
UART0_Transmitter            0x2317   0x10  Code  Gb  Ultrasonic.o [1]
UART0_init                   0x22b3   0x64  Code  Gb  Ultrasonic.o [1]
Ultrasonic_Inti              0x222f   0x84  Code  Gb  Ultrasonic.o [1]
_LitobFullNoMb                0xf85  0x10c  Code  Lc  xprintffull_nomb.o [2]
_PrintfFullNoMb               0x26d  0xce8  Code  Gb  xprintffull_nomb.o [2]
_PutcharFullNoMb             0x10e9   0x20  Code  Lc  xprintffull_nomb.o [2]
_PutcharsFullNoMb            0x1109   0x2e  Code  Lc  xprintffull_nomb.o [2]
_SProut                      0x117f    0xa  Code  Gb  xsprout.o [2]
__aeabi_cdcmple              0x1359         Code  Gb  DblCmpLe.o [3]
__aeabi_cdrcmple             0x138d         Code  Gb  DblCmpGe.o [3]
__aeabi_d2iz                 0x14fd         Code  Gb  DblToS32.o [3]
__aeabi_d2uiz                0x19f1         Code  Gb  DblToU32.o [3]
__aeabi_ddiv                 0x17a9         Code  Gb  DblDiv.o [3]
__aeabi_dmul                 0x1a31         Code  Gb  DblMul.o [3]
__aeabi_dsub                 0x16c5         Code  Gb  DblAddSub.o [3]
__aeabi_i2d                  0x1535         Code  Gb  S32ToDbl.o [3]
__aeabi_ldiv0                0x1e15         Code  Gb  I64DivZer.o [4]
__aeabi_ui2d                 0x1a15         Code  Gb  U32ToDbl.o [3]
__aeabi_uldivmod             0x1bdd         Code  Gb  I64DivMod.o [4]
__cmain                      0x2735         Code  Gb  cmain.o [4]
__exit                       0x1e19   0x14  Code  Gb  exit.o [5]
__iar_Fail_s                 0x11a1   0x1c  Code  Gb  xfail_s.o [2]
__iar_Memchr                 0x1219         Code  Gb  memchr.o [4]
__iar_Strchr                 0x1189         Code  Gb  strchr.o [4]
__iar_data_init3             0x269d   0x28  Code  Gb  data_init.o [4]
__iar_frexp                  0x12f5         Code  Gb  frexp.o [3]
__iar_frexpl                 0x12f5         Code  Gb  frexp.o [3]
__iar_init_vfp               0x26c5         Code  Gb  fpinit_M.o [3]
__iar_ldexp64                0x13c1         Code  Gb  ldexp.o [3]
__iar_program_start          0x2719         Code  Gb  cstartup_M.o [4]
__iar_scalbln64              0x13c1         Code  Gb  ldexp.o [3]
__iar_scalbn64               0x13c1         Code  Gb  ldexp.o [3]
__iar_softfp___iar_frexp64
                             0x12e9         Code  Gb  frexp.o [3]
__iar_softfp_frexp           0x12e9         Code  Gb  frexp.o [3]
__iar_softfp_frexpl          0x12e9         Code  Gb  frexp.o [3]
__iar_unaligned_memcpy       0x1271         Code  Gb  ABImemcpy_unaligned.o [4]
__iar_unaligned_memcpy4
                             0x1291         Code  Gb  ABImemcpy_unaligned.o [4]
__iar_unaligned_memcpy8
                             0x1291         Code  Gb  ABImemcpy_unaligned.o [4]
__iar_zero_init3             0x2665   0x38  Code  Gb  zero_init3.o [4]
__low_level_init             0x2753    0x4  Code  Gb  low_level_init.o [2]
__vector_table                  0x0  0x26c  Data  Gb  startup_ewarm.o [1]
_call_main                   0x2741         Code  Gb  cmain.o [4]
_exit                        0x275d         Code  Gb  cexit.o [4]
abort                        0x1e0d    0x6  Code  Gb  abort.o [2]
exit                         0x2757    0x4  Code  Gb  exit.o [2]
ldexp                        0x13c1         Code  Gb  ldexp.o [3]
ldexpl                       0x13c1         Code  Gb  ldexp.o [3]
main                         0x1e2d  0x1ee  Code  Gb  main.o [1]
memchr                       0x1219         Code  Gb  memchr.o [4]
printstring                  0x238d   0x16  Code  Gb  Ultrasonic.o [1]
pui32Stack              0x2000'0008  0x400  Data  Lc  startup_ewarm.o [1]
run                     0x2000'0000    0x4  Data  Gb  main.o [1]
scalbln                      0x13c1         Code  Gb  ldexp.o [3]
scalblnl                     0x13c1         Code  Gb  ldexp.o [3]
scalbn                       0x13c1         Code  Gb  ldexp.o [3]
scalbnl                      0x13c1         Code  Gb  ldexp.o [3]
scale                        0x1091   0x46  Code  Lc  xprintffull_nomb.o [2]
sec_hand                0x2000'0004    0x4  Data  Lc  xfail_s.o [2]
sprintf                      0x2625   0x40  Code  Gb  sprintf.o [2]
strchr                       0x1189         Code  Gb  strchr.o [4]
strlen                       0x11e1         Code  Gb  strlen.o [4]


[1] = D:\ASU\Embedded\Project\Debug\Obj
[2] = dl7M_tln.a
[3] = m7M_tls.a
[4] = rt7M_tl.a
[5] = shb_l.a

  9'448 bytes of readonly  code memory
    744 bytes of readonly  data memory
  1'032 bytes of readwrite data memory

Errors: none
Warnings: none
